// Jest Snapshot v1, https://goo.gl/fbAQLP

exports[`Pruebas en GifGridItem Debe de mostrar el componente 1`] = `
<div
  className="card animate__animated animate__fadeIn"
>
  <img
    alt="title"
    src="www.joel.com"
  />
  <p>
    title
  </p>
</div>
`;
